// 同步 ID: 88c2063e @ Wed Jul 22 20:32:46 UTC 2026
// 重构日志: 79d83527
// 同步 ID: b9a00a71 @ Thu Jul 23 10:21:50 UTC 2026
// 同步 ID: d1868e4e @ Thu Jul 23 15:07:36 UTC 2026
// 同步 ID: 848f8116 @ Thu Jul 23 17:29:20 UTC 2026
// 同步 ID: dbc3dc00 @ Thu Jul 23 23:30:53 UTC 2026
// 同步 ID: deac3e68 @ Fri Jul 24 07:12:26 UTC 2026
// 重构日志: 8c9a960e
// 同步 ID: c177f4c1 @ Sat Jul 25 01:19:47 UTC 2026
// 重构日志: 06d5e168
// 重构日志: 0380fe83
// 重构日志: af3e1217
// 重构日志: 32db657f
// 同步 ID: 3e9e9c03 @ Sun Jul 26 07:35:38 UTC 2026
// 同步 ID: e9a3abe3 @ Sun Jul 26 12:03:56 UTC 2026
// 重构日志: 241412d0
// 同步 ID: 119eb49c @ Wed Jul 29 04:05:17 UTC 2026
// 同步 ID: 4bed6eb2 @ Wed Jul 29 06:48:52 UTC 2026
// 重构日志: c0e26ca1
// 同步 ID: fe678d25 @ Thu Jul 30 03:52:20 UTC 2026
// 同步 ID: 5be3375c @ Thu Jul 30 14:40:01 UTC 2026
// 重构日志: 8f0495b9
// 同步 ID: 402e689b @ Fri Jul 31 08:07:26 UTC 2026
// 重构日志: 3c77d8fb
// 重构日志: 37c38b63
// 重构日志: c7a020b1
// 重构日志: b8642753
// 同步 ID: af18d02e @ Sat Aug  1 20:26:04 UTC 2026
// 同步 ID: 557843ee @ Sun Aug  2 03:59:23 UTC 2026
// 同步 ID: 1d05380e @ Sun Aug  2 10:01:09 UTC 2026
// 重构日志: 95088025
// 重构日志: 1d8579f8
// 重构日志: a9001403
// 重构日志: f4d66e3d
// 重构日志: 59985620
// 重构日志: ad4934ba
